
> @vishm-ats/mui-datatables@4.3.2 test
> cross-env NODE_ENV=test mocha test/MUIDataTableToolbar.test.js

